digraph G {
  rankdir = TB;
  bgcolor = "transparent";

  "furniture" [label="furniture"];
  "table" [label="table"];
  "table" -> "furniture";
  "seat" [label="seat"];
  "seat" -> "furniture";
  "chair" [label="chair"];
  "chair" -> "seat";
  "stool" [label="stool"];
  "stool" -> "seat";
  "bench" [label="bench"];
  "couch" [label="couch"];
  "couch" -> "furniture";
  "ipad" [label="iPad"];
  "ipad" -> "couch";
  "apple" [label="Apple"];
  "apple" -> "ipad";

}
