
<p class="ad-def">
  <a name="ad-6675726e6974757265"></a><strong class="ad-term">furniture</strong>:
  <span class="ad-contents">collective noun designating all sorts of large but movable items used in indoor settings with a primary non-decorative function.
</span>
</p>

<p class="ad-def">
  <a name="ad-7461626c65"></a><strong class="ad-term">table</strong>:
  <span class="ad-contents">a <a href="#ad-6675726e6974757265" class="ad-term-link">piece of furniture</a> with a horizontal surface lying above the floor that was designed to support smaller objects.
</span>
</p>

<p class="ad-def">
  <a name="ad-73656174"></a><strong class="ad-term">seat</strong>:
  <span class="ad-contents">a <a href="#ad-6675726e6974757265" class="ad-term-link">piece of furniture</a> designed for a single person to sit on it.
</span>
</p>

<p class="ad-def">
  <a name="ad-6368616972"></a><strong class="ad-term">chair</strong>:
  <span class="ad-contents">a mobile <a href="#ad-73656174" class="ad-term-link">seat</a> with a backrest.
</span>
</p>

<p class="ad-def">
  <a name="ad-73746f6f6c"></a><strong class="ad-term">stool</strong>:
  <span class="ad-contents">a <a href="#ad-73656174" class="ad-term-link">seat</a> without a backrest.
</span>
</p>

<p class="ad-def">
  <a name="ad-62656e6368"></a><strong class="ad-term">bench</strong>:
  <span class="ad-contents">an item designed for several people to sit on, with a hard surface.
</span>
</p>

<p class="ad-def">
  <a name="ad-636f756368"></a><strong class="ad-term">couch</strong>:
  <span class="ad-contents">a <a href="#ad-6675726e6974757265" class="ad-term-link">piece of furniture</a> designed for multiple people to sit on, with a cushy surface.
</span>
</p>
